<?xml version="1.0" encoding="UTF-8"?>
<testsuites name="jest tests" tests="9" failures="0" time="2.904">
  <testsuite name="{filename|filepath|ancestorTitles}" errors="0" failures="0" skipped="0" timestamp="2019-08-29T16:03:06" time="0.488" tests="3">
    <testcase classname="Destinaton Actions › fetchDestinationsStart-should return the correct type" name="Destinaton Actions › fetchDestinationsStart-should return the correct type" time="0.004">
    </testcase>
    <testcase classname="Destinaton Actions › fetchDestinationsSuccess-should return the correct type" name="Destinaton Actions › fetchDestinationsSuccess-should return the correct type" time="0">
    </testcase>
    <testcase classname="Destinaton Actions › fetchDestinationsFail-should return the correct type" name="Destinaton Actions › fetchDestinationsFail-should return the correct type" time="0.001">
    </testcase>
  </testsuite>
  <testsuite name="{filename|filepath|ancestorTitles}" errors="0" failures="0" skipped="0" timestamp="2019-08-29T16:03:06" time="0.526" tests="4">
    <testcase classname="destinationReducer-should return the initial state" name="destinationReducer-should return the initial state" time="0.005">
    </testcase>
    <testcase classname="destinationReducer-should handle fetchDestinationsStart correctly" name="destinationReducer-should handle fetchDestinationsStart correctly" time="0.002">
    </testcase>
    <testcase classname="destinationReducer-should handle fetchDestinationsSuccess correctly" name="destinationReducer-should handle fetchDestinationsSuccess correctly" time="0">
    </testcase>
    <testcase classname="destinationReducer-should handle fetchDestinationsFail correctly" name="destinationReducer-should handle fetchDestinationsFail correctly" time="0.001">
    </testcase>
  </testsuite>
  <testsuite name="{filename|filepath|ancestorTitles}" errors="0" failures="0" skipped="0" timestamp="2019-08-29T16:03:06" time="0.545" tests="2">
    <testcase classname="fetchDestinationsSaga-should dispatch the fetchDestinationsSuccess action if it requests the data successfully" name="fetchDestinationsSaga-should dispatch the fetchDestinationsSuccess action if it requests the data successfully" time="0.007">
    </testcase>
    <testcase classname="fetchDestinationsSaga-should dispatch the fetchDestinationsFail action if the response errors" name="fetchDestinationsSaga-should dispatch the fetchDestinationsFail action if the response errors" time="0.001">
    </testcase>
  </testsuite>
</testsuites>